
> factory-manager@1.1.4 build
> vite build

vite v5.4.21 building for production...
transforming...
✓ 3696 modules transformed.
